[     145ms] [INFO] %cDownload the React DevTools for a better development experience: https://react.dev/link/react-devtools font-weight:bold @ http://localhost:3002/_next/static/chunks/node_modules_next_dist_1e8vcs8._.js:776
[     159ms] [LOG] [HMR] connected @ http://localhost:3002/_next/static/chunks/node_modules_next_dist_1e8vcs8._.js:776
[     293ms] [ERROR] Encountered two children with the same key, `%s`. Keys should be unique so that components maintain their identity across updates. Non-unique keys may cause children to be duplicated and/or omitted — the behavior is unsupported and could change in a future version. adhdsat-2026-09-06 @ http://localhost:3002/_next/static/chunks/node_modules_next_dist_1e8vcs8._.js:1052
[   17808ms] [LOG] [Fast Refresh] rebuilding @ http://localhost:3002/_next/static/chunks/node_modules_next_dist_1e8vcs8._.js:776
[   17936ms] [LOG] [Fast Refresh] done in 17ms @ http://localhost:3002/_next/static/chunks/node_modules_next_dist_1e8vcs8._.js:776
[   18006ms] [LOG] [Fast Refresh] done in 17ms @ http://localhost:3002/_next/static/chunks/node_modules_next_dist_1e8vcs8._.js:776
[   18064ms] [LOG] [Fast Refresh] done in 17ms @ http://localhost:3002/_next/static/chunks/node_modules_next_dist_1e8vcs8._.js:776
[   18127ms] [LOG] [Fast Refresh] done in 17ms @ http://localhost:3002/_next/static/chunks/node_modules_next_dist_1e8vcs8._.js:776
[   18175ms] [LOG] [Fast Refresh] done in 17ms @ http://localhost:3002/_next/static/chunks/node_modules_next_dist_1e8vcs8._.js:776
[   18226ms] [LOG] [Fast Refresh] done in 17ms @ http://localhost:3002/_next/static/chunks/node_modules_next_dist_1e8vcs8._.js:776
[   18277ms] [LOG] [Fast Refresh] done in 17ms @ http://localhost:3002/_next/static/chunks/node_modules_next_dist_1e8vcs8._.js:776
[   18326ms] [LOG] [Fast Refresh] done in 17ms @ http://localhost:3002/_next/static/chunks/node_modules_next_dist_1e8vcs8._.js:776
[   18375ms] [LOG] [Fast Refresh] done in 17ms @ http://localhost:3002/_next/static/chunks/node_modules_next_dist_1e8vcs8._.js:776
[   18427ms] [LOG] [Fast Refresh] done in 17ms @ http://localhost:3002/_next/static/chunks/node_modules_next_dist_1e8vcs8._.js:776
[   18477ms] [LOG] [Fast Refresh] done in 17ms @ http://localhost:3002/_next/static/chunks/node_modules_next_dist_1e8vcs8._.js:776
[   18541ms] [LOG] [Fast Refresh] done in 17ms @ http://localhost:3002/_next/static/chunks/node_modules_next_dist_1e8vcs8._.js:776
[   18593ms] [LOG] [Fast Refresh] done in 17ms @ http://localhost:3002/_next/static/chunks/node_modules_next_dist_1e8vcs8._.js:776
[   18642ms] [LOG] [Fast Refresh] done in 17ms @ http://localhost:3002/_next/static/chunks/node_modules_next_dist_1e8vcs8._.js:776
[   18693ms] [LOG] [Fast Refresh] done in 17ms @ http://localhost:3002/_next/static/chunks/node_modules_next_dist_1e8vcs8._.js:776
[   18743ms] [LOG] [Fast Refresh] done in 17ms @ http://localhost:3002/_next/static/chunks/node_modules_next_dist_1e8vcs8._.js:776
[   18794ms] [LOG] [Fast Refresh] done in 17ms @ http://localhost:3002/_next/static/chunks/node_modules_next_dist_1e8vcs8._.js:776
[   18858ms] [LOG] [Fast Refresh] done in 17ms @ http://localhost:3002/_next/static/chunks/node_modules_next_dist_1e8vcs8._.js:776
[   18912ms] [LOG] [Fast Refresh] done in 17ms @ http://localhost:3002/_next/static/chunks/node_modules_next_dist_1e8vcs8._.js:776
[   18963ms] [LOG] [Fast Refresh] done in 17ms @ http://localhost:3002/_next/static/chunks/node_modules_next_dist_1e8vcs8._.js:776
[   19013ms] [LOG] [Fast Refresh] done in 17ms @ http://localhost:3002/_next/static/chunks/node_modules_next_dist_1e8vcs8._.js:776
[   19077ms] [LOG] [Fast Refresh] done in 17ms @ http://localhost:3002/_next/static/chunks/node_modules_next_dist_1e8vcs8._.js:776
[   19125ms] [LOG] [Fast Refresh] done in 17ms @ http://localhost:3002/_next/static/chunks/node_modules_next_dist_1e8vcs8._.js:776
[   19176ms] [LOG] [Fast Refresh] done in 17ms @ http://localhost:3002/_next/static/chunks/node_modules_next_dist_1e8vcs8._.js:776
[   19226ms] [LOG] [Fast Refresh] done in 17ms @ http://localhost:3002/_next/static/chunks/node_modules_next_dist_1e8vcs8._.js:776
[   19276ms] [LOG] [Fast Refresh] done in 17ms @ http://localhost:3002/_next/static/chunks/node_modules_next_dist_1e8vcs8._.js:776
[   19329ms] [LOG] [Fast Refresh] done in 17ms @ http://localhost:3002/_next/static/chunks/node_modules_next_dist_1e8vcs8._.js:776
[   19380ms] [LOG] [Fast Refresh] done in 17ms @ http://localhost:3002/_next/static/chunks/node_modules_next_dist_1e8vcs8._.js:776
[   19431ms] [LOG] [Fast Refresh] done in 17ms @ http://localhost:3002/_next/static/chunks/node_modules_next_dist_1e8vcs8._.js:776
[   19485ms] [LOG] [Fast Refresh] done in 17ms @ http://localhost:3002/_next/static/chunks/node_modules_next_dist_1e8vcs8._.js:776
[   19541ms] [LOG] [Fast Refresh] done in 17ms @ http://localhost:3002/_next/static/chunks/node_modules_next_dist_1e8vcs8._.js:776
[   19594ms] [LOG] [Fast Refresh] done in 17ms @ http://localhost:3002/_next/static/chunks/node_modules_next_dist_1e8vcs8._.js:776
[   19646ms] [LOG] [Fast Refresh] done in 17ms @ http://localhost:3002/_next/static/chunks/node_modules_next_dist_1e8vcs8._.js:776
[   19701ms] [LOG] [Fast Refresh] done in 17ms @ http://localhost:3002/_next/static/chunks/node_modules_next_dist_1e8vcs8._.js:776
[   19757ms] [LOG] [Fast Refresh] done in 17ms @ http://localhost:3002/_next/static/chunks/node_modules_next_dist_1e8vcs8._.js:776
[   19808ms] [LOG] [Fast Refresh] done in 17ms @ http://localhost:3002/_next/static/chunks/node_modules_next_dist_1e8vcs8._.js:776
[   19859ms] [LOG] [Fast Refresh] done in 17ms @ http://localhost:3002/_next/static/chunks/node_modules_next_dist_1e8vcs8._.js:776
[   19901ms] [LOG] [Fast Refresh] done in 17ms @ http://localhost:3002/_next/static/chunks/node_modules_next_dist_1e8vcs8._.js:776
[   19950ms] [LOG] [Fast Refresh] done in 17ms @ http://localhost:3002/_next/static/chunks/node_modules_next_dist_1e8vcs8._.js:776
[   20000ms] [LOG] [Fast Refresh] done in 17ms @ http://localhost:3002/_next/static/chunks/node_modules_next_dist_1e8vcs8._.js:776
[   20048ms] [LOG] [Fast Refresh] done in 17ms @ http://localhost:3002/_next/static/chunks/node_modules_next_dist_1e8vcs8._.js:776
[   20095ms] [LOG] [Fast Refresh] done in 17ms @ http://localhost:3002/_next/static/chunks/node_modules_next_dist_1e8vcs8._.js:776
[   20143ms] [LOG] [Fast Refresh] done in 17ms @ http://localhost:3002/_next/static/chunks/node_modules_next_dist_1e8vcs8._.js:776
[   20193ms] [LOG] [Fast Refresh] done in 17ms @ http://localhost:3002/_next/static/chunks/node_modules_next_dist_1e8vcs8._.js:776
[   20243ms] [LOG] [Fast Refresh] done in 17ms @ http://localhost:3002/_next/static/chunks/node_modules_next_dist_1e8vcs8._.js:776
[   20293ms] [LOG] [Fast Refresh] done in 17ms @ http://localhost:3002/_next/static/chunks/node_modules_next_dist_1e8vcs8._.js:776
[   20341ms] [LOG] [Fast Refresh] done in 17ms @ http://localhost:3002/_next/static/chunks/node_modules_next_dist_1e8vcs8._.js:776
[   20391ms] [LOG] [Fast Refresh] done in 17ms @ http://localhost:3002/_next/static/chunks/node_modules_next_dist_1e8vcs8._.js:776
[   20440ms] [LOG] [Fast Refresh] done in 17ms @ http://localhost:3002/_next/static/chunks/node_modules_next_dist_1e8vcs8._.js:776
[   20490ms] [LOG] [Fast Refresh] done in 17ms @ http://localhost:3002/_next/static/chunks/node_modules_next_dist_1e8vcs8._.js:776
[   20540ms] [LOG] [Fast Refresh] done in 17ms @ http://localhost:3002/_next/static/chunks/node_modules_next_dist_1e8vcs8._.js:776
[   20589ms] [LOG] [Fast Refresh] done in 17ms @ http://localhost:3002/_next/static/chunks/node_modules_next_dist_1e8vcs8._.js:776
[   20640ms] [LOG] [Fast Refresh] done in 17ms @ http://localhost:3002/_next/static/chunks/node_modules_next_dist_1e8vcs8._.js:776
[   20690ms] [LOG] [Fast Refresh] done in 17ms @ http://localhost:3002/_next/static/chunks/node_modules_next_dist_1e8vcs8._.js:776
[   20739ms] [LOG] [Fast Refresh] done in 17ms @ http://localhost:3002/_next/static/chunks/node_modules_next_dist_1e8vcs8._.js:776
[   20789ms] [LOG] [Fast Refresh] done in 17ms @ http://localhost:3002/_next/static/chunks/node_modules_next_dist_1e8vcs8._.js:776
[   20839ms] [LOG] [Fast Refresh] done in 17ms @ http://localhost:3002/_next/static/chunks/node_modules_next_dist_1e8vcs8._.js:776
[   20891ms] [LOG] [Fast Refresh] done in 17ms @ http://localhost:3002/_next/static/chunks/node_modules_next_dist_1e8vcs8._.js:776
[   20940ms] [LOG] [Fast Refresh] done in 17ms @ http://localhost:3002/_next/static/chunks/node_modules_next_dist_1e8vcs8._.js:776
[   20989ms] [LOG] [Fast Refresh] done in 17ms @ http://localhost:3002/_next/static/chunks/node_modules_next_dist_1e8vcs8._.js:776
[   21041ms] [LOG] [Fast Refresh] done in 17ms @ http://localhost:3002/_next/static/chunks/node_modules_next_dist_1e8vcs8._.js:776
[   21089ms] [LOG] [Fast Refresh] done in 17ms @ http://localhost:3002/_next/static/chunks/node_modules_next_dist_1e8vcs8._.js:776
[   21140ms] [LOG] [Fast Refresh] done in 17ms @ http://localhost:3002/_next/static/chunks/node_modules_next_dist_1e8vcs8._.js:776
[   21190ms] [LOG] [Fast Refresh] done in 17ms @ http://localhost:3002/_next/static/chunks/node_modules_next_dist_1e8vcs8._.js:776
[   21239ms] [LOG] [Fast Refresh] done in 17ms @ http://localhost:3002/_next/static/chunks/node_modules_next_dist_1e8vcs8._.js:776
[   21287ms] [LOG] [Fast Refresh] done in 17ms @ http://localhost:3002/_next/static/chunks/node_modules_next_dist_1e8vcs8._.js:776
[   21342ms] [LOG] [Fast Refresh] done in 17ms @ http://localhost:3002/_next/static/chunks/node_modules_next_dist_1e8vcs8._.js:776
[   21392ms] [LOG] [Fast Refresh] done in 17ms @ http://localhost:3002/_next/static/chunks/node_modules_next_dist_1e8vcs8._.js:776
[   21441ms] [LOG] [Fast Refresh] done in 17ms @ http://localhost:3002/_next/static/chunks/node_modules_next_dist_1e8vcs8._.js:776
[   21491ms] [LOG] [Fast Refresh] done in 17ms @ http://localhost:3002/_next/static/chunks/node_modules_next_dist_1e8vcs8._.js:776
[   21540ms] [LOG] [Fast Refresh] done in 17ms @ http://localhost:3002/_next/static/chunks/node_modules_next_dist_1e8vcs8._.js:776
[   21590ms] [LOG] [Fast Refresh] done in 17ms @ http://localhost:3002/_next/static/chunks/node_modules_next_dist_1e8vcs8._.js:776
[   21640ms] [LOG] [Fast Refresh] done in 17ms @ http://localhost:3002/_next/static/chunks/node_modules_next_dist_1e8vcs8._.js:776
[   21690ms] [LOG] [Fast Refresh] done in 17ms @ http://localhost:3002/_next/static/chunks/node_modules_next_dist_1e8vcs8._.js:776
[   21741ms] [LOG] [Fast Refresh] done in 17ms @ http://localhost:3002/_next/static/chunks/node_modules_next_dist_1e8vcs8._.js:776
[   21789ms] [LOG] [Fast Refresh] done in 17ms @ http://localhost:3002/_next/static/chunks/node_modules_next_dist_1e8vcs8._.js:776
[   21840ms] [LOG] [Fast Refresh] done in 17ms @ http://localhost:3002/_next/static/chunks/node_modules_next_dist_1e8vcs8._.js:776
[   21890ms] [LOG] [Fast Refresh] done in 17ms @ http://localhost:3002/_next/static/chunks/node_modules_next_dist_1e8vcs8._.js:776
[   21941ms] [LOG] [Fast Refresh] done in 17ms @ http://localhost:3002/_next/static/chunks/node_modules_next_dist_1e8vcs8._.js:776
[   21993ms] [LOG] [Fast Refresh] done in 17ms @ http://localhost:3002/_next/static/chunks/node_modules_next_dist_1e8vcs8._.js:776
[   22039ms] [LOG] [Fast Refresh] done in 17ms @ http://localhost:3002/_next/static/chunks/node_modules_next_dist_1e8vcs8._.js:776
[   22089ms] [LOG] [Fast Refresh] done in 17ms @ http://localhost:3002/_next/static/chunks/node_modules_next_dist_1e8vcs8._.js:776
[   22139ms] [LOG] [Fast Refresh] done in 17ms @ http://localhost:3002/_next/static/chunks/node_modules_next_dist_1e8vcs8._.js:776
[   22189ms] [LOG] [Fast Refresh] done in 17ms @ http://localhost:3002/_next/static/chunks/node_modules_next_dist_1e8vcs8._.js:776
[   22239ms] [LOG] [Fast Refresh] done in 17ms @ http://localhost:3002/_next/static/chunks/node_modules_next_dist_1e8vcs8._.js:776
[   22289ms] [LOG] [Fast Refresh] done in 17ms @ http://localhost:3002/_next/static/chunks/node_modules_next_dist_1e8vcs8._.js:776
[   22339ms] [LOG] [Fast Refresh] done in 17ms @ http://localhost:3002/_next/static/chunks/node_modules_next_dist_1e8vcs8._.js:776
[   22386ms] [LOG] [Fast Refresh] done in 17ms @ http://localhost:3002/_next/static/chunks/node_modules_next_dist_1e8vcs8._.js:776
[   22434ms] [LOG] [Fast Refresh] done in 17ms @ http://localhost:3002/_next/static/chunks/node_modules_next_dist_1e8vcs8._.js:776
[   22482ms] [LOG] [Fast Refresh] done in 17ms @ http://localhost:3002/_next/static/chunks/node_modules_next_dist_1e8vcs8._.js:776
[   22529ms] [LOG] [Fast Refresh] done in 17ms @ http://localhost:3002/_next/static/chunks/node_modules_next_dist_1e8vcs8._.js:776
[   22576ms] [LOG] [Fast Refresh] done in 17ms @ http://localhost:3002/_next/static/chunks/node_modules_next_dist_1e8vcs8._.js:776
[   22626ms] [LOG] [Fast Refresh] done in 17ms @ http://localhost:3002/_next/static/chunks/node_modules_next_dist_1e8vcs8._.js:776
[   22674ms] [LOG] [Fast Refresh] done in 17ms @ http://localhost:3002/_next/static/chunks/node_modules_next_dist_1e8vcs8._.js:776
[   22723ms] [LOG] [Fast Refresh] done in 17ms @ http://localhost:3002/_next/static/chunks/node_modules_next_dist_1e8vcs8._.js:776
[   22774ms] [LOG] [Fast Refresh] done in 17ms @ http://localhost:3002/_next/static/chunks/node_modules_next_dist_1e8vcs8._.js:776
[   22823ms] [LOG] [Fast Refresh] done in 17ms @ http://localhost:3002/_next/static/chunks/node_modules_next_dist_1e8vcs8._.js:776
[   22873ms] [LOG] [Fast Refresh] done in 17ms @ http://localhost:3002/_next/static/chunks/node_modules_next_dist_1e8vcs8._.js:776
[   22919ms] [LOG] [Fast Refresh] done in 17ms @ http://localhost:3002/_next/static/chunks/node_modules_next_dist_1e8vcs8._.js:776
[   22966ms] [LOG] [Fast Refresh] done in 17ms @ http://localhost:3002/_next/static/chunks/node_modules_next_dist_1e8vcs8._.js:776
[   23013ms] [LOG] [Fast Refresh] done in 17ms @ http://localhost:3002/_next/static/chunks/node_modules_next_dist_1e8vcs8._.js:776
[   23060ms] [LOG] [Fast Refresh] done in 17ms @ http://localhost:3002/_next/static/chunks/node_modules_next_dist_1e8vcs8._.js:776
[   23108ms] [LOG] [Fast Refresh] done in 17ms @ http://localhost:3002/_next/static/chunks/node_modules_next_dist_1e8vcs8._.js:776
[   23157ms] [LOG] [Fast Refresh] done in 17ms @ http://localhost:3002/_next/static/chunks/node_modules_next_dist_1e8vcs8._.js:776
[   23207ms] [LOG] [Fast Refresh] done in 17ms @ http://localhost:3002/_next/static/chunks/node_modules_next_dist_1e8vcs8._.js:776
[   23256ms] [LOG] [Fast Refresh] done in 17ms @ http://localhost:3002/_next/static/chunks/node_modules_next_dist_1e8vcs8._.js:776
[   23306ms] [LOG] [Fast Refresh] done in 17ms @ http://localhost:3002/_next/static/chunks/node_modules_next_dist_1e8vcs8._.js:776
[   23356ms] [LOG] [Fast Refresh] done in 17ms @ http://localhost:3002/_next/static/chunks/node_modules_next_dist_1e8vcs8._.js:776
[   23406ms] [LOG] [Fast Refresh] done in 17ms @ http://localhost:3002/_next/static/chunks/node_modules_next_dist_1e8vcs8._.js:776
[   23456ms] [LOG] [Fast Refresh] done in 17ms @ http://localhost:3002/_next/static/chunks/node_modules_next_dist_1e8vcs8._.js:776
[   23502ms] [LOG] [Fast Refresh] done in 17ms @ http://localhost:3002/_next/static/chunks/node_modules_next_dist_1e8vcs8._.js:776
[   23549ms] [LOG] [Fast Refresh] done in 17ms @ http://localhost:3002/_next/static/chunks/node_modules_next_dist_1e8vcs8._.js:776
[   23595ms] [LOG] [Fast Refresh] done in 17ms @ http://localhost:3002/_next/static/chunks/node_modules_next_dist_1e8vcs8._.js:776
[   23660ms] [LOG] [Fast Refresh] done in 17ms @ http://localhost:3002/_next/static/chunks/node_modules_next_dist_1e8vcs8._.js:776
[   23724ms] [LOG] [Fast Refresh] done in 17ms @ http://localhost:3002/_next/static/chunks/node_modules_next_dist_1e8vcs8._.js:776
[   23774ms] [LOG] [Fast Refresh] done in 17ms @ http://localhost:3002/_next/static/chunks/node_modules_next_dist_1e8vcs8._.js:776
[   23822ms] [LOG] [Fast Refresh] done in 17ms @ http://localhost:3002/_next/static/chunks/node_modules_next_dist_1e8vcs8._.js:776
[   23870ms] [LOG] [Fast Refresh] done in 17ms @ http://localhost:3002/_next/static/chunks/node_modules_next_dist_1e8vcs8._.js:776
[   23919ms] [LOG] [Fast Refresh] done in 17ms @ http://localhost:3002/_next/static/chunks/node_modules_next_dist_1e8vcs8._.js:776
[   23970ms] [LOG] [Fast Refresh] done in 17ms @ http://localhost:3002/_next/static/chunks/node_modules_next_dist_1e8vcs8._.js:776
[   24019ms] [LOG] [Fast Refresh] done in 17ms @ http://localhost:3002/_next/static/chunks/node_modules_next_dist_1e8vcs8._.js:776
[   24066ms] [LOG] [Fast Refresh] done in 17ms @ http://localhost:3002/_next/static/chunks/node_modules_next_dist_1e8vcs8._.js:776
[   24113ms] [LOG] [Fast Refresh] done in 17ms @ http://localhost:3002/_next/static/chunks/node_modules_next_dist_1e8vcs8._.js:776
[   24162ms] [LOG] [Fast Refresh] done in 17ms @ http://localhost:3002/_next/static/chunks/node_modules_next_dist_1e8vcs8._.js:776
[   24212ms] [LOG] [Fast Refresh] done in 17ms @ http://localhost:3002/_next/static/chunks/node_modules_next_dist_1e8vcs8._.js:776
[   24264ms] [LOG] [Fast Refresh] done in 17ms @ http://localhost:3002/_next/static/chunks/node_modules_next_dist_1e8vcs8._.js:776
[   24312ms] [LOG] [Fast Refresh] done in 17ms @ http://localhost:3002/_next/static/chunks/node_modules_next_dist_1e8vcs8._.js:776
[   24361ms] [LOG] [Fast Refresh] done in 17ms @ http://localhost:3002/_next/static/chunks/node_modules_next_dist_1e8vcs8._.js:776
[   24413ms] [LOG] [Fast Refresh] done in 17ms @ http://localhost:3002/_next/static/chunks/node_modules_next_dist_1e8vcs8._.js:776
[   24459ms] [LOG] [Fast Refresh] done in 17ms @ http://localhost:3002/_next/static/chunks/node_modules_next_dist_1e8vcs8._.js:776
[   24507ms] [LOG] [Fast Refresh] done in 17ms @ http://localhost:3002/_next/static/chunks/node_modules_next_dist_1e8vcs8._.js:776
[   24556ms] [LOG] [Fast Refresh] done in 17ms @ http://localhost:3002/_next/static/chunks/node_modules_next_dist_1e8vcs8._.js:776
[   24603ms] [LOG] [Fast Refresh] done in 17ms @ http://localhost:3002/_next/static/chunks/node_modules_next_dist_1e8vcs8._.js:776
[   24650ms] [LOG] [Fast Refresh] done in 17ms @ http://localhost:3002/_next/static/chunks/node_modules_next_dist_1e8vcs8._.js:776
[   24698ms] [LOG] [Fast Refresh] done in 17ms @ http://localhost:3002/_next/static/chunks/node_modules_next_dist_1e8vcs8._.js:776
[   24748ms] [LOG] [Fast Refresh] done in 17ms @ http://localhost:3002/_next/static/chunks/node_modules_next_dist_1e8vcs8._.js:776
[   24794ms] [LOG] [Fast Refresh] done in 17ms @ http://localhost:3002/_next/static/chunks/node_modules_next_dist_1e8vcs8._.js:776
[   24844ms] [LOG] [Fast Refresh] done in 17ms @ http://localhost:3002/_next/static/chunks/node_modules_next_dist_1e8vcs8._.js:776
[   24896ms] [LOG] [Fast Refresh] done in 17ms @ http://localhost:3002/_next/static/chunks/node_modules_next_dist_1e8vcs8._.js:776
[   24951ms] [LOG] [Fast Refresh] done in 17ms @ http://localhost:3002/_next/static/chunks/node_modules_next_dist_1e8vcs8._.js:776
[   25001ms] [LOG] [Fast Refresh] done in 17ms @ http://localhost:3002/_next/static/chunks/node_modules_next_dist_1e8vcs8._.js:776
[   25093ms] [LOG] [Fast Refresh] done in 17ms @ http://localhost:3002/_next/static/chunks/node_modules_next_dist_1e8vcs8._.js:776
[   25170ms] [LOG] [Fast Refresh] done in 17ms @ http://localhost:3002/_next/static/chunks/node_modules_next_dist_1e8vcs8._.js:776
[   25242ms] [LOG] [Fast Refresh] done in 17ms @ http://localhost:3002/_next/static/chunks/node_modules_next_dist_1e8vcs8._.js:776
[   25305ms] [LOG] [Fast Refresh] done in 17ms @ http://localhost:3002/_next/static/chunks/node_modules_next_dist_1e8vcs8._.js:776
[   25352ms] [LOG] [Fast Refresh] done in 17ms @ http://localhost:3002/_next/static/chunks/node_modules_next_dist_1e8vcs8._.js:776
[   25401ms] [LOG] [Fast Refresh] done in 17ms @ http://localhost:3002/_next/static/chunks/node_modules_next_dist_1e8vcs8._.js:776
[   25448ms] [LOG] [Fast Refresh] done in 17ms @ http://localhost:3002/_next/static/chunks/node_modules_next_dist_1e8vcs8._.js:776
[   25495ms] [LOG] [Fast Refresh] done in 17ms @ http://localhost:3002/_next/static/chunks/node_modules_next_dist_1e8vcs8._.js:776
[   25551ms] [LOG] [Fast Refresh] done in 17ms @ http://localhost:3002/_next/static/chunks/node_modules_next_dist_1e8vcs8._.js:776
[   25598ms] [LOG] [Fast Refresh] done in 17ms @ http://localhost:3002/_next/static/chunks/node_modules_next_dist_1e8vcs8._.js:776
[   25646ms] [LOG] [Fast Refresh] done in 17ms @ http://localhost:3002/_next/static/chunks/node_modules_next_dist_1e8vcs8._.js:776
[   25693ms] [LOG] [Fast Refresh] done in 17ms @ http://localhost:3002/_next/static/chunks/node_modules_next_dist_1e8vcs8._.js:776
[   25739ms] [LOG] [Fast Refresh] done in 17ms @ http://localhost:3002/_next/static/chunks/node_modules_next_dist_1e8vcs8._.js:776
[   25787ms] [LOG] [Fast Refresh] done in 17ms @ http://localhost:3002/_next/static/chunks/node_modules_next_dist_1e8vcs8._.js:776
[   25836ms] [LOG] [Fast Refresh] done in 17ms @ http://localhost:3002/_next/static/chunks/node_modules_next_dist_1e8vcs8._.js:776
[   25884ms] [LOG] [Fast Refresh] done in 17ms @ http://localhost:3002/_next/static/chunks/node_modules_next_dist_1e8vcs8._.js:776
[   25931ms] [LOG] [Fast Refresh] done in 17ms @ http://localhost:3002/_next/static/chunks/node_modules_next_dist_1e8vcs8._.js:776
[   25978ms] [LOG] [Fast Refresh] done in 17ms @ http://localhost:3002/_next/static/chunks/node_modules_next_dist_1e8vcs8._.js:776
[   26046ms] [LOG] [Fast Refresh] done in 17ms @ http://localhost:3002/_next/static/chunks/node_modules_next_dist_1e8vcs8._.js:776
[   26093ms] [LOG] [Fast Refresh] done in 17ms @ http://localhost:3002/_next/static/chunks/node_modules_next_dist_1e8vcs8._.js:776
[   26140ms] [LOG] [Fast Refresh] done in 17ms @ http://localhost:3002/_next/static/chunks/node_modules_next_dist_1e8vcs8._.js:776
[   26191ms] [LOG] [Fast Refresh] done in 17ms @ http://localhost:3002/_next/static/chunks/node_modules_next_dist_1e8vcs8._.js:776
[   26241ms] [LOG] [Fast Refresh] done in 17ms @ http://localhost:3002/_next/static/chunks/node_modules_next_dist_1e8vcs8._.js:776
[   26291ms] [LOG] [Fast Refresh] done in 17ms @ http://localhost:3002/_next/static/chunks/node_modules_next_dist_1e8vcs8._.js:776
[   26334ms] [LOG] [Fast Refresh] done in 17ms @ http://localhost:3002/_next/static/chunks/node_modules_next_dist_1e8vcs8._.js:776
[   26379ms] [LOG] [Fast Refresh] done in 17ms @ http://localhost:3002/_next/static/chunks/node_modules_next_dist_1e8vcs8._.js:776
[   26427ms] [LOG] [Fast Refresh] done in 17ms @ http://localhost:3002/_next/static/chunks/node_modules_next_dist_1e8vcs8._.js:776
[   26476ms] [LOG] [Fast Refresh] done in 17ms @ http://localhost:3002/_next/static/chunks/node_modules_next_dist_1e8vcs8._.js:776
[   26525ms] [LOG] [Fast Refresh] done in 17ms @ http://localhost:3002/_next/static/chunks/node_modules_next_dist_1e8vcs8._.js:776
[   26575ms] [LOG] [Fast Refresh] done in 17ms @ http://localhost:3002/_next/static/chunks/node_modules_next_dist_1e8vcs8._.js:776
[   26625ms] [LOG] [Fast Refresh] done in 17ms @ http://localhost:3002/_next/static/chunks/node_modules_next_dist_1e8vcs8._.js:776
[   26674ms] [LOG] [Fast Refresh] done in 17ms @ http://localhost:3002/_next/static/chunks/node_modules_next_dist_1e8vcs8._.js:776
[   26725ms] [LOG] [Fast Refresh] done in 17ms @ http://localhost:3002/_next/static/chunks/node_modules_next_dist_1e8vcs8._.js:776
[   26775ms] [LOG] [Fast Refresh] done in 17ms @ http://localhost:3002/_next/static/chunks/node_modules_next_dist_1e8vcs8._.js:776
[   26826ms] [LOG] [Fast Refresh] done in 17ms @ http://localhost:3002/_next/static/chunks/node_modules_next_dist_1e8vcs8._.js:776
[   26865ms] [LOG] [Fast Refresh] done in 17ms @ http://localhost:3002/_next/static/chunks/node_modules_next_dist_1e8vcs8._.js:776
[   26908ms] [LOG] [Fast Refresh] done in 17ms @ http://localhost:3002/_next/static/chunks/node_modules_next_dist_1e8vcs8._.js:776
[   26961ms] [LOG] [Fast Refresh] done in 17ms @ http://localhost:3002/_next/static/chunks/node_modules_next_dist_1e8vcs8._.js:776
[   27009ms] [LOG] [Fast Refresh] done in 17ms @ http://localhost:3002/_next/static/chunks/node_modules_next_dist_1e8vcs8._.js:776
[   27059ms] [LOG] [Fast Refresh] done in 17ms @ http://localhost:3002/_next/static/chunks/node_modules_next_dist_1e8vcs8._.js:776
[   27108ms] [LOG] [Fast Refresh] done in 17ms @ http://localhost:3002/_next/static/chunks/node_modules_next_dist_1e8vcs8._.js:776
[   27158ms] [LOG] [Fast Refresh] done in 17ms @ http://localhost:3002/_next/static/chunks/node_modules_next_dist_1e8vcs8._.js:776
[   27203ms] [LOG] [Fast Refresh] done in 17ms @ http://localhost:3002/_next/static/chunks/node_modules_next_dist_1e8vcs8._.js:776
[   27259ms] [LOG] [Fast Refresh] done in 17ms @ http://localhost:3002/_next/static/chunks/node_modules_next_dist_1e8vcs8._.js:776
[   27316ms] [LOG] [Fast Refresh] done in 17ms @ http://localhost:3002/_next/static/chunks/node_modules_next_dist_1e8vcs8._.js:776
[   27375ms] [LOG] [Fast Refresh] done in 17ms @ http://localhost:3002/_next/static/chunks/node_modules_next_dist_1e8vcs8._.js:776
[   27427ms] [LOG] [Fast Refresh] done in 17ms @ http://localhost:3002/_next/static/chunks/node_modules_next_dist_1e8vcs8._.js:776
[   27477ms] [LOG] [Fast Refresh] done in 17ms @ http://localhost:3002/_next/static/chunks/node_modules_next_dist_1e8vcs8._.js:776
[   27532ms] [LOG] [Fast Refresh] done in 17ms @ http://localhost:3002/_next/static/chunks/node_modules_next_dist_1e8vcs8._.js:776
[   27575ms] [LOG] [Fast Refresh] done in 17ms @ http://localhost:3002/_next/static/chunks/node_modules_next_dist_1e8vcs8._.js:776
[   27628ms] [LOG] [Fast Refresh] done in 17ms @ http://localhost:3002/_next/static/chunks/node_modules_next_dist_1e8vcs8._.js:776
[   27682ms] [LOG] [Fast Refresh] done in 17ms @ http://localhost:3002/_next/static/chunks/node_modules_next_dist_1e8vcs8._.js:776
[   27750ms] [LOG] [Fast Refresh] done in 17ms @ http://localhost:3002/_next/static/chunks/node_modules_next_dist_1e8vcs8._.js:776
[   27811ms] [LOG] [Fast Refresh] done in 17ms @ http://localhost:3002/_next/static/chunks/node_modules_next_dist_1e8vcs8._.js:776
[   27862ms] [LOG] [Fast Refresh] done in 17ms @ http://localhost:3002/_next/static/chunks/node_modules_next_dist_1e8vcs8._.js:776
[   27910ms] [LOG] [Fast Refresh] done in 17ms @ http://localhost:3002/_next/static/chunks/node_modules_next_dist_1e8vcs8._.js:776
[   27956ms] [LOG] [Fast Refresh] done in 17ms @ http://localhost:3002/_next/static/chunks/node_modules_next_dist_1e8vcs8._.js:776
[   28006ms] [LOG] [Fast Refresh] done in 17ms @ http://localhost:3002/_next/static/chunks/node_modules_next_dist_1e8vcs8._.js:776
[   28055ms] [LOG] [Fast Refresh] done in 17ms @ http://localhost:3002/_next/static/chunks/node_modules_next_dist_1e8vcs8._.js:776
[   28103ms] [LOG] [Fast Refresh] done in 17ms @ http://localhost:3002/_next/static/chunks/node_modules_next_dist_1e8vcs8._.js:776
[   28156ms] [LOG] [Fast Refresh] done in 17ms @ http://localhost:3002/_next/static/chunks/node_modules_next_dist_1e8vcs8._.js:776
[   28206ms] [LOG] [Fast Refresh] done in 17ms @ http://localhost:3002/_next/static/chunks/node_modules_next_dist_1e8vcs8._.js:776
[   28254ms] [LOG] [Fast Refresh] done in 17ms @ http://localhost:3002/_next/static/chunks/node_modules_next_dist_1e8vcs8._.js:776
[   28301ms] [LOG] [Fast Refresh] done in 17ms @ http://localhost:3002/_next/static/chunks/node_modules_next_dist_1e8vcs8._.js:776
[   28348ms] [LOG] [Fast Refresh] done in 17ms @ http://localhost:3002/_next/static/chunks/node_modules_next_dist_1e8vcs8._.js:776
[   28408ms] [LOG] [Fast Refresh] done in 17ms @ http://localhost:3002/_next/static/chunks/node_modules_next_dist_1e8vcs8._.js:776
[   28466ms] [LOG] [Fast Refresh] done in 17ms @ http://localhost:3002/_next/static/chunks/node_modules_next_dist_1e8vcs8._.js:776
[   28553ms] [LOG] [Fast Refresh] done in 17ms @ http://localhost:3002/_next/static/chunks/node_modules_next_dist_1e8vcs8._.js:776
[   28607ms] [LOG] [Fast Refresh] done in 17ms @ http://localhost:3002/_next/static/chunks/node_modules_next_dist_1e8vcs8._.js:776
[   28658ms] [LOG] [Fast Refresh] done in 17ms @ http://localhost:3002/_next/static/chunks/node_modules_next_dist_1e8vcs8._.js:776
[   28718ms] [LOG] [Fast Refresh] done in 17ms @ http://localhost:3002/_next/static/chunks/node_modules_next_dist_1e8vcs8._.js:776
[   28765ms] [LOG] [Fast Refresh] done in 17ms @ http://localhost:3002/_next/static/chunks/node_modules_next_dist_1e8vcs8._.js:776
[   28808ms] [LOG] [Fast Refresh] done in 17ms @ http://localhost:3002/_next/static/chunks/node_modules_next_dist_1e8vcs8._.js:776
[   28856ms] [LOG] [Fast Refresh] done in 17ms @ http://localhost:3002/_next/static/chunks/node_modules_next_dist_1e8vcs8._.js:776
[   28903ms] [LOG] [Fast Refresh] done in 17ms @ http://localhost:3002/_next/static/chunks/node_modules_next_dist_1e8vcs8._.js:776
[   28958ms] [LOG] [Fast Refresh] done in 17ms @ http://localhost:3002/_next/static/chunks/node_modules_next_dist_1e8vcs8._.js:776
[   29006ms] [LOG] [Fast Refresh] done in 17ms @ http://localhost:3002/_next/static/chunks/node_modules_next_dist_1e8vcs8._.js:776
[   29056ms] [LOG] [Fast Refresh] done in 17ms @ http://localhost:3002/_next/static/chunks/node_modules_next_dist_1e8vcs8._.js:776
[   29107ms] [LOG] [Fast Refresh] done in 17ms @ http://localhost:3002/_next/static/chunks/node_modules_next_dist_1e8vcs8._.js:776
[   29152ms] [LOG] [Fast Refresh] done in 17ms @ http://localhost:3002/_next/static/chunks/node_modules_next_dist_1e8vcs8._.js:776
[   29209ms] [LOG] [Fast Refresh] done in 17ms @ http://localhost:3002/_next/static/chunks/node_modules_next_dist_1e8vcs8._.js:776
[   29259ms] [LOG] [Fast Refresh] done in 17ms @ http://localhost:3002/_next/static/chunks/node_modules_next_dist_1e8vcs8._.js:776
[   29307ms] [LOG] [Fast Refresh] done in 17ms @ http://localhost:3002/_next/static/chunks/node_modules_next_dist_1e8vcs8._.js:776
[   29369ms] [LOG] [Fast Refresh] done in 17ms @ http://localhost:3002/_next/static/chunks/node_modules_next_dist_1e8vcs8._.js:776
[   29430ms] [LOG] [Fast Refresh] done in 17ms @ http://localhost:3002/_next/static/chunks/node_modules_next_dist_1e8vcs8._.js:776
[   29473ms] [LOG] [Fast Refresh] done in 17ms @ http://localhost:3002/_next/static/chunks/node_modules_next_dist_1e8vcs8._.js:776
[   29523ms] [LOG] [Fast Refresh] done in 17ms @ http://localhost:3002/_next/static/chunks/node_modules_next_dist_1e8vcs8._.js:776
[   29568ms] [LOG] [Fast Refresh] done in 17ms @ http://localhost:3002/_next/static/chunks/node_modules_next_dist_1e8vcs8._.js:776
[   29607ms] [LOG] [Fast Refresh] done in 17ms @ http://localhost:3002/_next/static/chunks/node_modules_next_dist_1e8vcs8._.js:776
[   29656ms] [LOG] [Fast Refresh] done in 17ms @ http://localhost:3002/_next/static/chunks/node_modules_next_dist_1e8vcs8._.js:776
[   29707ms] [LOG] [Fast Refresh] done in 17ms @ http://localhost:3002/_next/static/chunks/node_modules_next_dist_1e8vcs8._.js:776
[   29758ms] [LOG] [Fast Refresh] done in 17ms @ http://localhost:3002/_next/static/chunks/node_modules_next_dist_1e8vcs8._.js:776
[   29807ms] [LOG] [Fast Refresh] done in 17ms @ http://localhost:3002/_next/static/chunks/node_modules_next_dist_1e8vcs8._.js:776
[   29857ms] [LOG] [Fast Refresh] done in 17ms @ http://localhost:3002/_next/static/chunks/node_modules_next_dist_1e8vcs8._.js:776
[   29896ms] [LOG] [Fast Refresh] done in 17ms @ http://localhost:3002/_next/static/chunks/node_modules_next_dist_1e8vcs8._.js:776
[   29933ms] [LOG] [Fast Refresh] done in 17ms @ http://localhost:3002/_next/static/chunks/node_modules_next_dist_1e8vcs8._.js:776
[   29976ms] [LOG] [Fast Refresh] done in 17ms @ http://localhost:3002/_next/static/chunks/node_modules_next_dist_1e8vcs8._.js:776
[   30019ms] [LOG] [Fast Refresh] done in 17ms @ http://localhost:3002/_next/static/chunks/node_modules_next_dist_1e8vcs8._.js:776
[   30064ms] [LOG] [Fast Refresh] done in 17ms @ http://localhost:3002/_next/static/chunks/node_modules_next_dist_1e8vcs8._.js:776
[   30111ms] [LOG] [Fast Refresh] done in 17ms @ http://localhost:3002/_next/static/chunks/node_modules_next_dist_1e8vcs8._.js:776
[   30152ms] [LOG] [Fast Refresh] done in 17ms @ http://localhost:3002/_next/static/chunks/node_modules_next_dist_1e8vcs8._.js:776
[   30202ms] [LOG] [Fast Refresh] done in 17ms @ http://localhost:3002/_next/static/chunks/node_modules_next_dist_1e8vcs8._.js:776
[   30249ms] [LOG] [Fast Refresh] done in 17ms @ http://localhost:3002/_next/static/chunks/node_modules_next_dist_1e8vcs8._.js:776
[   30290ms] [LOG] [Fast Refresh] done in 17ms @ http://localhost:3002/_next/static/chunks/node_modules_next_dist_1e8vcs8._.js:776
[   30347ms] [LOG] [Fast Refresh] done in 17ms @ http://localhost:3002/_next/static/chunks/node_modules_next_dist_1e8vcs8._.js:776
[   30414ms] [LOG] [Fast Refresh] done in 17ms @ http://localhost:3002/_next/static/chunks/node_modules_next_dist_1e8vcs8._.js:776
[   30517ms] [LOG] [Fast Refresh] done in 17ms @ http://localhost:3002/_next/static/chunks/node_modules_next_dist_1e8vcs8._.js:776
[   30580ms] [LOG] [Fast Refresh] done in 17ms @ http://localhost:3002/_next/static/chunks/node_modules_next_dist_1e8vcs8._.js:776
[   30625ms] [LOG] [Fast Refresh] done in 17ms @ http://localhost:3002/_next/static/chunks/node_modules_next_dist_1e8vcs8._.js:776
[   30685ms] [LOG] [Fast Refresh] done in 17ms @ http://localhost:3002/_next/static/chunks/node_modules_next_dist_1e8vcs8._.js:776
[   30741ms] [LOG] [Fast Refresh] done in 17ms @ http://localhost:3002/_next/static/chunks/node_modules_next_dist_1e8vcs8._.js:776
[   30793ms] [LOG] [Fast Refresh] done in 17ms @ http://localhost:3002/_next/static/chunks/node_modules_next_dist_1e8vcs8._.js:776
[   30845ms] [LOG] [Fast Refresh] done in 17ms @ http://localhost:3002/_next/static/chunks/node_modules_next_dist_1e8vcs8._.js:776
[   30890ms] [LOG] [Fast Refresh] done in 17ms @ http://localhost:3002/_next/static/chunks/node_modules_next_dist_1e8vcs8._.js:776
[   30933ms] [LOG] [Fast Refresh] done in 17ms @ http://localhost:3002/_next/static/chunks/node_modules_next_dist_1e8vcs8._.js:776
[   30976ms] [LOG] [Fast Refresh] done in 17ms @ http://localhost:3002/_next/static/chunks/node_modules_next_dist_1e8vcs8._.js:776
[   31033ms] [LOG] [Fast Refresh] done in 17ms @ http://localhost:3002/_next/static/chunks/node_modules_next_dist_1e8vcs8._.js:776
[   31161ms] [LOG] [Fast Refresh] done in 17ms @ http://localhost:3002/_next/static/chunks/node_modules_next_dist_1e8vcs8._.js:776
[   31210ms] [LOG] [Fast Refresh] done in 17ms @ http://localhost:3002/_next/static/chunks/node_modules_next_dist_1e8vcs8._.js:776
[   31259ms] [LOG] [Fast Refresh] done in 17ms @ http://localhost:3002/_next/static/chunks/node_modules_next_dist_1e8vcs8._.js:776
[   31308ms] [LOG] [Fast Refresh] done in 17ms @ http://localhost:3002/_next/static/chunks/node_modules_next_dist_1e8vcs8._.js:776
[   31356ms] [LOG] [Fast Refresh] done in 17ms @ http://localhost:3002/_next/static/chunks/node_modules_next_dist_1e8vcs8._.js:776
[   31409ms] [LOG] [Fast Refresh] done in 17ms @ http://localhost:3002/_next/static/chunks/node_modules_next_dist_1e8vcs8._.js:776
[   31457ms] [LOG] [Fast Refresh] done in 17ms @ http://localhost:3002/_next/static/chunks/node_modules_next_dist_1e8vcs8._.js:776
[   31512ms] [LOG] [Fast Refresh] done in 17ms @ http://localhost:3002/_next/static/chunks/node_modules_next_dist_1e8vcs8._.js:776
[   31566ms] [LOG] [Fast Refresh] done in 17ms @ http://localhost:3002/_next/static/chunks/node_modules_next_dist_1e8vcs8._.js:776
[   31616ms] [LOG] [Fast Refresh] done in 17ms @ http://localhost:3002/_next/static/chunks/node_modules_next_dist_1e8vcs8._.js:776
[   31664ms] [LOG] [Fast Refresh] done in 17ms @ http://localhost:3002/_next/static/chunks/node_modules_next_dist_1e8vcs8._.js:776
[   31713ms] [LOG] [Fast Refresh] done in 17ms @ http://localhost:3002/_next/static/chunks/node_modules_next_dist_1e8vcs8._.js:776
[   31763ms] [LOG] [Fast Refresh] done in 17ms @ http://localhost:3002/_next/static/chunks/node_modules_next_dist_1e8vcs8._.js:776
[   31810ms] [LOG] [Fast Refresh] done in 17ms @ http://localhost:3002/_next/static/chunks/node_modules_next_dist_1e8vcs8._.js:776
[   31858ms] [LOG] [Fast Refresh] done in 17ms @ http://localhost:3002/_next/static/chunks/node_modules_next_dist_1e8vcs8._.js:776
[   31908ms] [LOG] [Fast Refresh] done in 17ms @ http://localhost:3002/_next/static/chunks/node_modules_next_dist_1e8vcs8._.js:776
[   31957ms] [LOG] [Fast Refresh] done in 17ms @ http://localhost:3002/_next/static/chunks/node_modules_next_dist_1e8vcs8._.js:776
[   32007ms] [LOG] [Fast Refresh] done in 17ms @ http://localhost:3002/_next/static/chunks/node_modules_next_dist_1e8vcs8._.js:776
[   32056ms] [LOG] [Fast Refresh] done in 17ms @ http://localhost:3002/_next/static/chunks/node_modules_next_dist_1e8vcs8._.js:776
[   32106ms] [LOG] [Fast Refresh] done in 17ms @ http://localhost:3002/_next/static/chunks/node_modules_next_dist_1e8vcs8._.js:776
[   32158ms] [LOG] [Fast Refresh] done in 17ms @ http://localhost:3002/_next/static/chunks/node_modules_next_dist_1e8vcs8._.js:776
[   32212ms] [LOG] [Fast Refresh] done in 17ms @ http://localhost:3002/_next/static/chunks/node_modules_next_dist_1e8vcs8._.js:776
[   32263ms] [LOG] [Fast Refresh] done in 17ms @ http://localhost:3002/_next/static/chunks/node_modules_next_dist_1e8vcs8._.js:776
[   32312ms] [LOG] [Fast Refresh] done in 17ms @ http://localhost:3002/_next/static/chunks/node_modules_next_dist_1e8vcs8._.js:776
[   32360ms] [LOG] [Fast Refresh] done in 17ms @ http://localhost:3002/_next/static/chunks/node_modules_next_dist_1e8vcs8._.js:776
[   32409ms] [LOG] [Fast Refresh] done in 17ms @ http://localhost:3002/_next/static/chunks/node_modules_next_dist_1e8vcs8._.js:776
[   32451ms] [LOG] [Fast Refresh] done in 17ms @ http://localhost:3002/_next/static/chunks/node_modules_next_dist_1e8vcs8._.js:776
