[      49ms] [LOG] [Fast Refresh] done in 4ms @ http://localhost:3002/_next/static/chunks/node_modules_next_dist_1e8vcs8._.js:776
[     107ms] [INFO] %cDownload the React DevTools for a better development experience: https://react.dev/link/react-devtools font-weight:bold @ http://localhost:3002/_next/static/chunks/node_modules_next_dist_1e8vcs8._.js:776
[     117ms] [LOG] [HMR] connected @ http://localhost:3002/_next/static/chunks/node_modules_next_dist_1e8vcs8._.js:776
[   33758ms] [LOG] [Fast Refresh] rebuilding @ http://localhost:3002/_next/static/chunks/node_modules_next_dist_1e8vcs8._.js:776
[   33802ms] [LOG] [Fast Refresh] done in 2ms @ http://localhost:3002/_next/static/chunks/node_modules_next_dist_1e8vcs8._.js:776
[   36222ms] [LOG] [Fast Refresh] done in 2ms @ http://localhost:3002/_next/static/chunks/node_modules_next_dist_1e8vcs8._.js:776
[   38722ms] [LOG] [Fast Refresh] done in 2ms @ http://localhost:3002/_next/static/chunks/node_modules_next_dist_1e8vcs8._.js:776
[   41227ms] [LOG] [Fast Refresh] done in 2ms @ http://localhost:3002/_next/static/chunks/node_modules_next_dist_1e8vcs8._.js:776
[   43725ms] [LOG] [Fast Refresh] done in 2ms @ http://localhost:3002/_next/static/chunks/node_modules_next_dist_1e8vcs8._.js:776
[   44641ms] [LOG] [Fast Refresh] done in 2ms @ http://localhost:3002/_next/static/chunks/node_modules_next_dist_1e8vcs8._.js:776
[   46240ms] [LOG] [Fast Refresh] done in 2ms @ http://localhost:3002/_next/static/chunks/node_modules_next_dist_1e8vcs8._.js:776
[   48733ms] [LOG] [Fast Refresh] done in 2ms @ http://localhost:3002/_next/static/chunks/node_modules_next_dist_1e8vcs8._.js:776
[   51240ms] [LOG] [Fast Refresh] done in 2ms @ http://localhost:3002/_next/static/chunks/node_modules_next_dist_1e8vcs8._.js:776
[   53743ms] [LOG] [Fast Refresh] done in 2ms @ http://localhost:3002/_next/static/chunks/node_modules_next_dist_1e8vcs8._.js:776
[   56256ms] [LOG] [Fast Refresh] done in 2ms @ http://localhost:3002/_next/static/chunks/node_modules_next_dist_1e8vcs8._.js:776
[   58755ms] [LOG] [Fast Refresh] done in 2ms @ http://localhost:3002/_next/static/chunks/node_modules_next_dist_1e8vcs8._.js:776
[   61262ms] [LOG] [Fast Refresh] done in 2ms @ http://localhost:3002/_next/static/chunks/node_modules_next_dist_1e8vcs8._.js:776
[   63764ms] [LOG] [Fast Refresh] done in 2ms @ http://localhost:3002/_next/static/chunks/node_modules_next_dist_1e8vcs8._.js:776
[   66272ms] [LOG] [Fast Refresh] done in 2ms @ http://localhost:3002/_next/static/chunks/node_modules_next_dist_1e8vcs8._.js:776
[   68772ms] [LOG] [Fast Refresh] done in 2ms @ http://localhost:3002/_next/static/chunks/node_modules_next_dist_1e8vcs8._.js:776
[   71278ms] [LOG] [Fast Refresh] done in 2ms @ http://localhost:3002/_next/static/chunks/node_modules_next_dist_1e8vcs8._.js:776
[   73777ms] [LOG] [Fast Refresh] done in 2ms @ http://localhost:3002/_next/static/chunks/node_modules_next_dist_1e8vcs8._.js:776
[   76287ms] [LOG] [Fast Refresh] done in 2ms @ http://localhost:3002/_next/static/chunks/node_modules_next_dist_1e8vcs8._.js:776
[   78789ms] [LOG] [Fast Refresh] done in 2ms @ http://localhost:3002/_next/static/chunks/node_modules_next_dist_1e8vcs8._.js:776
[   81294ms] [LOG] [Fast Refresh] done in 2ms @ http://localhost:3002/_next/static/chunks/node_modules_next_dist_1e8vcs8._.js:776
[   83796ms] [LOG] [Fast Refresh] done in 2ms @ http://localhost:3002/_next/static/chunks/node_modules_next_dist_1e8vcs8._.js:776
[   86304ms] [LOG] [Fast Refresh] done in 2ms @ http://localhost:3002/_next/static/chunks/node_modules_next_dist_1e8vcs8._.js:776
[   88806ms] [LOG] [Fast Refresh] done in 2ms @ http://localhost:3002/_next/static/chunks/node_modules_next_dist_1e8vcs8._.js:776
[   91310ms] [LOG] [Fast Refresh] done in 2ms @ http://localhost:3002/_next/static/chunks/node_modules_next_dist_1e8vcs8._.js:776
[   93811ms] [LOG] [Fast Refresh] done in 2ms @ http://localhost:3002/_next/static/chunks/node_modules_next_dist_1e8vcs8._.js:776
[   96321ms] [LOG] [Fast Refresh] done in 2ms @ http://localhost:3002/_next/static/chunks/node_modules_next_dist_1e8vcs8._.js:776
[   98822ms] [LOG] [Fast Refresh] done in 2ms @ http://localhost:3002/_next/static/chunks/node_modules_next_dist_1e8vcs8._.js:776
[  101333ms] [LOG] [Fast Refresh] done in 2ms @ http://localhost:3002/_next/static/chunks/node_modules_next_dist_1e8vcs8._.js:776
[  103839ms] [LOG] [Fast Refresh] done in 2ms @ http://localhost:3002/_next/static/chunks/node_modules_next_dist_1e8vcs8._.js:776
[  106341ms] [LOG] [Fast Refresh] done in 2ms @ http://localhost:3002/_next/static/chunks/node_modules_next_dist_1e8vcs8._.js:776
[  108847ms] [LOG] [Fast Refresh] done in 2ms @ http://localhost:3002/_next/static/chunks/node_modules_next_dist_1e8vcs8._.js:776
[  111351ms] [LOG] [Fast Refresh] done in 2ms @ http://localhost:3002/_next/static/chunks/node_modules_next_dist_1e8vcs8._.js:776
[  113857ms] [LOG] [Fast Refresh] done in 2ms @ http://localhost:3002/_next/static/chunks/node_modules_next_dist_1e8vcs8._.js:776
[  116361ms] [LOG] [Fast Refresh] done in 2ms @ http://localhost:3002/_next/static/chunks/node_modules_next_dist_1e8vcs8._.js:776
[  118857ms] [LOG] [Fast Refresh] done in 2ms @ http://localhost:3002/_next/static/chunks/node_modules_next_dist_1e8vcs8._.js:776
[  121364ms] [LOG] [Fast Refresh] done in 2ms @ http://localhost:3002/_next/static/chunks/node_modules_next_dist_1e8vcs8._.js:776
[  123878ms] [LOG] [Fast Refresh] done in 2ms @ http://localhost:3002/_next/static/chunks/node_modules_next_dist_1e8vcs8._.js:776
[  126377ms] [LOG] [Fast Refresh] done in 2ms @ http://localhost:3002/_next/static/chunks/node_modules_next_dist_1e8vcs8._.js:776
[  128882ms] [LOG] [Fast Refresh] done in 2ms @ http://localhost:3002/_next/static/chunks/node_modules_next_dist_1e8vcs8._.js:776
[  131383ms] [LOG] [Fast Refresh] done in 2ms @ http://localhost:3002/_next/static/chunks/node_modules_next_dist_1e8vcs8._.js:776
[  133890ms] [LOG] [Fast Refresh] done in 2ms @ http://localhost:3002/_next/static/chunks/node_modules_next_dist_1e8vcs8._.js:776
[  136393ms] [LOG] [Fast Refresh] done in 2ms @ http://localhost:3002/_next/static/chunks/node_modules_next_dist_1e8vcs8._.js:776
[  138893ms] [LOG] [Fast Refresh] done in 2ms @ http://localhost:3002/_next/static/chunks/node_modules_next_dist_1e8vcs8._.js:776
[  141395ms] [LOG] [Fast Refresh] done in 2ms @ http://localhost:3002/_next/static/chunks/node_modules_next_dist_1e8vcs8._.js:776
[  143906ms] [LOG] [Fast Refresh] done in 2ms @ http://localhost:3002/_next/static/chunks/node_modules_next_dist_1e8vcs8._.js:776
[  146399ms] [LOG] [Fast Refresh] done in 2ms @ http://localhost:3002/_next/static/chunks/node_modules_next_dist_1e8vcs8._.js:776
[  148907ms] [LOG] [Fast Refresh] done in 2ms @ http://localhost:3002/_next/static/chunks/node_modules_next_dist_1e8vcs8._.js:776
[  151409ms] [LOG] [Fast Refresh] done in 2ms @ http://localhost:3002/_next/static/chunks/node_modules_next_dist_1e8vcs8._.js:776
[  153915ms] [LOG] [Fast Refresh] done in 2ms @ http://localhost:3002/_next/static/chunks/node_modules_next_dist_1e8vcs8._.js:776
[  156416ms] [LOG] [Fast Refresh] done in 2ms @ http://localhost:3002/_next/static/chunks/node_modules_next_dist_1e8vcs8._.js:776
[  158923ms] [LOG] [Fast Refresh] done in 2ms @ http://localhost:3002/_next/static/chunks/node_modules_next_dist_1e8vcs8._.js:776
[  161425ms] [LOG] [Fast Refresh] done in 2ms @ http://localhost:3002/_next/static/chunks/node_modules_next_dist_1e8vcs8._.js:776
[  163930ms] [LOG] [Fast Refresh] done in 2ms @ http://localhost:3002/_next/static/chunks/node_modules_next_dist_1e8vcs8._.js:776
[  166434ms] [LOG] [Fast Refresh] done in 2ms @ http://localhost:3002/_next/static/chunks/node_modules_next_dist_1e8vcs8._.js:776
[  168933ms] [LOG] [Fast Refresh] done in 2ms @ http://localhost:3002/_next/static/chunks/node_modules_next_dist_1e8vcs8._.js:776
[  171436ms] [LOG] [Fast Refresh] done in 2ms @ http://localhost:3002/_next/static/chunks/node_modules_next_dist_1e8vcs8._.js:776
[  173936ms] [LOG] [Fast Refresh] done in 2ms @ http://localhost:3002/_next/static/chunks/node_modules_next_dist_1e8vcs8._.js:776
[  176438ms] [LOG] [Fast Refresh] done in 2ms @ http://localhost:3002/_next/static/chunks/node_modules_next_dist_1e8vcs8._.js:776
[  178945ms] [LOG] [Fast Refresh] done in 2ms @ http://localhost:3002/_next/static/chunks/node_modules_next_dist_1e8vcs8._.js:776
[  181451ms] [LOG] [Fast Refresh] done in 2ms @ http://localhost:3002/_next/static/chunks/node_modules_next_dist_1e8vcs8._.js:776
[  183949ms] [LOG] [Fast Refresh] done in 2ms @ http://localhost:3002/_next/static/chunks/node_modules_next_dist_1e8vcs8._.js:776
[  186450ms] [LOG] [Fast Refresh] done in 2ms @ http://localhost:3002/_next/static/chunks/node_modules_next_dist_1e8vcs8._.js:776
[  188955ms] [LOG] [Fast Refresh] done in 2ms @ http://localhost:3002/_next/static/chunks/node_modules_next_dist_1e8vcs8._.js:776
[  191465ms] [LOG] [Fast Refresh] done in 2ms @ http://localhost:3002/_next/static/chunks/node_modules_next_dist_1e8vcs8._.js:776
[  193973ms] [LOG] [Fast Refresh] done in 2ms @ http://localhost:3002/_next/static/chunks/node_modules_next_dist_1e8vcs8._.js:776
[  196482ms] [LOG] [Fast Refresh] done in 2ms @ http://localhost:3002/_next/static/chunks/node_modules_next_dist_1e8vcs8._.js:776
[  198990ms] [LOG] [Fast Refresh] done in 2ms @ http://localhost:3002/_next/static/chunks/node_modules_next_dist_1e8vcs8._.js:776
[  201491ms] [LOG] [Fast Refresh] done in 2ms @ http://localhost:3002/_next/static/chunks/node_modules_next_dist_1e8vcs8._.js:776
[  203993ms] [LOG] [Fast Refresh] done in 2ms @ http://localhost:3002/_next/static/chunks/node_modules_next_dist_1e8vcs8._.js:776
[  206500ms] [LOG] [Fast Refresh] done in 2ms @ http://localhost:3002/_next/static/chunks/node_modules_next_dist_1e8vcs8._.js:776
[  208995ms] [LOG] [Fast Refresh] done in 2ms @ http://localhost:3002/_next/static/chunks/node_modules_next_dist_1e8vcs8._.js:776
[  211499ms] [LOG] [Fast Refresh] done in 2ms @ http://localhost:3002/_next/static/chunks/node_modules_next_dist_1e8vcs8._.js:776
[  214001ms] [LOG] [Fast Refresh] done in 2ms @ http://localhost:3002/_next/static/chunks/node_modules_next_dist_1e8vcs8._.js:776
[  216508ms] [LOG] [Fast Refresh] done in 2ms @ http://localhost:3002/_next/static/chunks/node_modules_next_dist_1e8vcs8._.js:776
[  219007ms] [LOG] [Fast Refresh] done in 2ms @ http://localhost:3002/_next/static/chunks/node_modules_next_dist_1e8vcs8._.js:776
[  221523ms] [LOG] [Fast Refresh] done in 2ms @ http://localhost:3002/_next/static/chunks/node_modules_next_dist_1e8vcs8._.js:776
[  224025ms] [LOG] [Fast Refresh] done in 2ms @ http://localhost:3002/_next/static/chunks/node_modules_next_dist_1e8vcs8._.js:776
[  226529ms] [LOG] [Fast Refresh] done in 2ms @ http://localhost:3002/_next/static/chunks/node_modules_next_dist_1e8vcs8._.js:776
[  229028ms] [LOG] [Fast Refresh] done in 2ms @ http://localhost:3002/_next/static/chunks/node_modules_next_dist_1e8vcs8._.js:776
[  231541ms] [LOG] [Fast Refresh] done in 2ms @ http://localhost:3002/_next/static/chunks/node_modules_next_dist_1e8vcs8._.js:776
[  234036ms] [LOG] [Fast Refresh] done in 2ms @ http://localhost:3002/_next/static/chunks/node_modules_next_dist_1e8vcs8._.js:776
[  236545ms] [LOG] [Fast Refresh] done in 2ms @ http://localhost:3002/_next/static/chunks/node_modules_next_dist_1e8vcs8._.js:776
[  239043ms] [LOG] [Fast Refresh] done in 2ms @ http://localhost:3002/_next/static/chunks/node_modules_next_dist_1e8vcs8._.js:776
[  241558ms] [LOG] [Fast Refresh] done in 2ms @ http://localhost:3002/_next/static/chunks/node_modules_next_dist_1e8vcs8._.js:776
[  244056ms] [LOG] [Fast Refresh] done in 2ms @ http://localhost:3002/_next/static/chunks/node_modules_next_dist_1e8vcs8._.js:776
[  246560ms] [LOG] [Fast Refresh] done in 2ms @ http://localhost:3002/_next/static/chunks/node_modules_next_dist_1e8vcs8._.js:776
[  249062ms] [LOG] [Fast Refresh] done in 2ms @ http://localhost:3002/_next/static/chunks/node_modules_next_dist_1e8vcs8._.js:776
[  251576ms] [LOG] [Fast Refresh] done in 2ms @ http://localhost:3002/_next/static/chunks/node_modules_next_dist_1e8vcs8._.js:776
[  254072ms] [LOG] [Fast Refresh] done in 2ms @ http://localhost:3002/_next/static/chunks/node_modules_next_dist_1e8vcs8._.js:776
[  256581ms] [LOG] [Fast Refresh] done in 2ms @ http://localhost:3002/_next/static/chunks/node_modules_next_dist_1e8vcs8._.js:776
[  259079ms] [LOG] [Fast Refresh] done in 2ms @ http://localhost:3002/_next/static/chunks/node_modules_next_dist_1e8vcs8._.js:776
[  261581ms] [LOG] [Fast Refresh] done in 2ms @ http://localhost:3002/_next/static/chunks/node_modules_next_dist_1e8vcs8._.js:776
[  264093ms] [LOG] [Fast Refresh] done in 2ms @ http://localhost:3002/_next/static/chunks/node_modules_next_dist_1e8vcs8._.js:776
[  266608ms] [LOG] [Fast Refresh] done in 2ms @ http://localhost:3002/_next/static/chunks/node_modules_next_dist_1e8vcs8._.js:776
[  269113ms] [LOG] [Fast Refresh] done in 2ms @ http://localhost:3002/_next/static/chunks/node_modules_next_dist_1e8vcs8._.js:776
[  271614ms] [LOG] [Fast Refresh] done in 2ms @ http://localhost:3002/_next/static/chunks/node_modules_next_dist_1e8vcs8._.js:776
[  274118ms] [LOG] [Fast Refresh] done in 2ms @ http://localhost:3002/_next/static/chunks/node_modules_next_dist_1e8vcs8._.js:776
[  276625ms] [LOG] [Fast Refresh] done in 2ms @ http://localhost:3002/_next/static/chunks/node_modules_next_dist_1e8vcs8._.js:776
[  279134ms] [LOG] [Fast Refresh] done in 2ms @ http://localhost:3002/_next/static/chunks/node_modules_next_dist_1e8vcs8._.js:776
[  281648ms] [LOG] [Fast Refresh] done in 2ms @ http://localhost:3002/_next/static/chunks/node_modules_next_dist_1e8vcs8._.js:776
[  284147ms] [LOG] [Fast Refresh] done in 2ms @ http://localhost:3002/_next/static/chunks/node_modules_next_dist_1e8vcs8._.js:776
[  286650ms] [LOG] [Fast Refresh] done in 2ms @ http://localhost:3002/_next/static/chunks/node_modules_next_dist_1e8vcs8._.js:776
[  289149ms] [LOG] [Fast Refresh] done in 2ms @ http://localhost:3002/_next/static/chunks/node_modules_next_dist_1e8vcs8._.js:776
[  291652ms] [LOG] [Fast Refresh] done in 2ms @ http://localhost:3002/_next/static/chunks/node_modules_next_dist_1e8vcs8._.js:776
[  294160ms] [LOG] [Fast Refresh] done in 2ms @ http://localhost:3002/_next/static/chunks/node_modules_next_dist_1e8vcs8._.js:776
[  296664ms] [LOG] [Fast Refresh] done in 2ms @ http://localhost:3002/_next/static/chunks/node_modules_next_dist_1e8vcs8._.js:776
[  299169ms] [LOG] [Fast Refresh] done in 2ms @ http://localhost:3002/_next/static/chunks/node_modules_next_dist_1e8vcs8._.js:776
[  301672ms] [LOG] [Fast Refresh] done in 2ms @ http://localhost:3002/_next/static/chunks/node_modules_next_dist_1e8vcs8._.js:776
[  304174ms] [LOG] [Fast Refresh] done in 2ms @ http://localhost:3002/_next/static/chunks/node_modules_next_dist_1e8vcs8._.js:776
[  306678ms] [LOG] [Fast Refresh] done in 2ms @ http://localhost:3002/_next/static/chunks/node_modules_next_dist_1e8vcs8._.js:776
[  309189ms] [LOG] [Fast Refresh] done in 2ms @ http://localhost:3002/_next/static/chunks/node_modules_next_dist_1e8vcs8._.js:776
[  311681ms] [LOG] [Fast Refresh] done in 2ms @ http://localhost:3002/_next/static/chunks/node_modules_next_dist_1e8vcs8._.js:776
[  314192ms] [LOG] [Fast Refresh] done in 2ms @ http://localhost:3002/_next/static/chunks/node_modules_next_dist_1e8vcs8._.js:776
[  316692ms] [LOG] [Fast Refresh] done in 2ms @ http://localhost:3002/_next/static/chunks/node_modules_next_dist_1e8vcs8._.js:776
[  319197ms] [LOG] [Fast Refresh] done in 2ms @ http://localhost:3002/_next/static/chunks/node_modules_next_dist_1e8vcs8._.js:776
[  321699ms] [LOG] [Fast Refresh] done in 2ms @ http://localhost:3002/_next/static/chunks/node_modules_next_dist_1e8vcs8._.js:776
[  324202ms] [LOG] [Fast Refresh] done in 2ms @ http://localhost:3002/_next/static/chunks/node_modules_next_dist_1e8vcs8._.js:776
[  326704ms] [LOG] [Fast Refresh] done in 2ms @ http://localhost:3002/_next/static/chunks/node_modules_next_dist_1e8vcs8._.js:776
[  329213ms] [LOG] [Fast Refresh] done in 2ms @ http://localhost:3002/_next/static/chunks/node_modules_next_dist_1e8vcs8._.js:776
[  331712ms] [LOG] [Fast Refresh] done in 2ms @ http://localhost:3002/_next/static/chunks/node_modules_next_dist_1e8vcs8._.js:776
[  334225ms] [LOG] [Fast Refresh] done in 2ms @ http://localhost:3002/_next/static/chunks/node_modules_next_dist_1e8vcs8._.js:776
[  336726ms] [LOG] [Fast Refresh] done in 2ms @ http://localhost:3002/_next/static/chunks/node_modules_next_dist_1e8vcs8._.js:776
[  339227ms] [LOG] [Fast Refresh] done in 2ms @ http://localhost:3002/_next/static/chunks/node_modules_next_dist_1e8vcs8._.js:776
[  341728ms] [LOG] [Fast Refresh] done in 2ms @ http://localhost:3002/_next/static/chunks/node_modules_next_dist_1e8vcs8._.js:776
[  344237ms] [LOG] [Fast Refresh] done in 2ms @ http://localhost:3002/_next/static/chunks/node_modules_next_dist_1e8vcs8._.js:776
[  346719ms] [LOG] [Fast Refresh] done in 2ms @ http://localhost:3002/_next/static/chunks/node_modules_next_dist_1e8vcs8._.js:776
[  349240ms] [LOG] [Fast Refresh] done in 2ms @ http://localhost:3002/_next/static/chunks/node_modules_next_dist_1e8vcs8._.js:776
[  351739ms] [LOG] [Fast Refresh] done in 2ms @ http://localhost:3002/_next/static/chunks/node_modules_next_dist_1e8vcs8._.js:776
[  354250ms] [LOG] [Fast Refresh] done in 2ms @ http://localhost:3002/_next/static/chunks/node_modules_next_dist_1e8vcs8._.js:776
