[      99ms] [LOG] [Fast Refresh] done in 17ms @ http://localhost:3002/_next/static/chunks/node_modules_next_dist_1e8vcs8._.js:776
[     315ms] [INFO] %cDownload the React DevTools for a better development experience: https://react.dev/link/react-devtools font-weight:bold @ http://localhost:3002/_next/static/chunks/node_modules_next_dist_1e8vcs8._.js:776
[     343ms] [LOG] [HMR] connected @ http://localhost:3002/_next/static/chunks/node_modules_next_dist_1e8vcs8._.js:776
[   90152ms] [LOG] [Fast Refresh] rebuilding @ http://localhost:3002/_next/static/chunks/node_modules_next_dist_1e8vcs8._.js:776
[   90267ms] [LOG] [Fast Refresh] done in 9ms @ http://localhost:3002/_next/static/chunks/node_modules_next_dist_1e8vcs8._.js:776
[   90277ms] [LOG] [Fast Refresh] done in 9ms @ http://localhost:3002/_next/static/chunks/node_modules_next_dist_1e8vcs8._.js:776
[   91404ms] [LOG] [Fast Refresh] done in 9ms @ http://localhost:3002/_next/static/chunks/node_modules_next_dist_1e8vcs8._.js:776
[   93903ms] [LOG] [Fast Refresh] done in 9ms @ http://localhost:3002/_next/static/chunks/node_modules_next_dist_1e8vcs8._.js:776
[   96419ms] [LOG] [Fast Refresh] done in 9ms @ http://localhost:3002/_next/static/chunks/node_modules_next_dist_1e8vcs8._.js:776
[   98918ms] [LOG] [Fast Refresh] done in 9ms @ http://localhost:3002/_next/static/chunks/node_modules_next_dist_1e8vcs8._.js:776
[  101425ms] [LOG] [Fast Refresh] done in 9ms @ http://localhost:3002/_next/static/chunks/node_modules_next_dist_1e8vcs8._.js:776
[  103927ms] [LOG] [Fast Refresh] done in 9ms @ http://localhost:3002/_next/static/chunks/node_modules_next_dist_1e8vcs8._.js:776
[  106451ms] [LOG] [Fast Refresh] done in 9ms @ http://localhost:3002/_next/static/chunks/node_modules_next_dist_1e8vcs8._.js:776
[  107278ms] [LOG] [Fast Refresh] rebuilding @ http://localhost:3002/_next/static/chunks/node_modules_next_dist_1e8vcs8._.js:776
[  107294ms] [ERROR] Encountered two children with the same key, `%s`. Keys should be unique so that components maintain their identity across updates. Non-unique keys may cause children to be duplicated and/or omitted — the behavior is unsupported and could change in a future version.  @ http://localhost:3002/_next/static/chunks/node_modules_next_dist_1e8vcs8._.js:1052
[  107295ms] [ERROR] Encountered two children with the same key, `%s`. Keys should be unique so that components maintain their identity across updates. Non-unique keys may cause children to be duplicated and/or omitted — the behavior is unsupported and could change in a future version.  @ http://localhost:3002/_next/static/chunks/node_modules_next_dist_1e8vcs8._.js:1052
[  107295ms] [ERROR] Encountered two children with the same key, `%s`. Keys should be unique so that components maintain their identity across updates. Non-unique keys may cause children to be duplicated and/or omitted — the behavior is unsupported and could change in a future version.  @ http://localhost:3002/_next/static/chunks/node_modules_next_dist_1e8vcs8._.js:1052
[  107295ms] [ERROR] Encountered two children with the same key, `%s`. Keys should be unique so that components maintain their identity across updates. Non-unique keys may cause children to be duplicated and/or omitted — the behavior is unsupported and could change in a future version.  @ http://localhost:3002/_next/static/chunks/node_modules_next_dist_1e8vcs8._.js:1052
[  107295ms] [ERROR] Encountered two children with the same key, `%s`. Keys should be unique so that components maintain their identity across updates. Non-unique keys may cause children to be duplicated and/or omitted — the behavior is unsupported and could change in a future version.  @ http://localhost:3002/_next/static/chunks/node_modules_next_dist_1e8vcs8._.js:1052
[  107295ms] [ERROR] Encountered two children with the same key, `%s`. Keys should be unique so that components maintain their identity across updates. Non-unique keys may cause children to be duplicated and/or omitted — the behavior is unsupported and could change in a future version.  @ http://localhost:3002/_next/static/chunks/node_modules_next_dist_1e8vcs8._.js:1052
[  107295ms] [ERROR] Encountered two children with the same key, `%s`. Keys should be unique so that components maintain their identity across updates. Non-unique keys may cause children to be duplicated and/or omitted — the behavior is unsupported and could change in a future version.  @ http://localhost:3002/_next/static/chunks/node_modules_next_dist_1e8vcs8._.js:1052
[  107295ms] [ERROR] Encountered two children with the same key, `%s`. Keys should be unique so that components maintain their identity across updates. Non-unique keys may cause children to be duplicated and/or omitted — the behavior is unsupported and could change in a future version.  @ http://localhost:3002/_next/static/chunks/node_modules_next_dist_1e8vcs8._.js:1052
[  107295ms] [ERROR] Encountered two children with the same key, `%s`. Keys should be unique so that components maintain their identity across updates. Non-unique keys may cause children to be duplicated and/or omitted — the behavior is unsupported and could change in a future version.  @ http://localhost:3002/_next/static/chunks/node_modules_next_dist_1e8vcs8._.js:1052
[  107296ms] [ERROR] Encountered two children with the same key, `%s`. Keys should be unique so that components maintain their identity across updates. Non-unique keys may cause children to be duplicated and/or omitted — the behavior is unsupported and could change in a future version.  @ http://localhost:3002/_next/static/chunks/node_modules_next_dist_1e8vcs8._.js:1052
[  107296ms] [ERROR] Encountered two children with the same key, `%s`. Keys should be unique so that components maintain their identity across updates. Non-unique keys may cause children to be duplicated and/or omitted — the behavior is unsupported and could change in a future version.  @ http://localhost:3002/_next/static/chunks/node_modules_next_dist_1e8vcs8._.js:1052
[  107296ms] [ERROR] Encountered two children with the same key, `%s`. Keys should be unique so that components maintain their identity across updates. Non-unique keys may cause children to be duplicated and/or omitted — the behavior is unsupported and could change in a future version.  @ http://localhost:3002/_next/static/chunks/node_modules_next_dist_1e8vcs8._.js:1052
[  107296ms] [ERROR] Encountered two children with the same key, `%s`. Keys should be unique so that components maintain their identity across updates. Non-unique keys may cause children to be duplicated and/or omitted — the behavior is unsupported and could change in a future version.  @ http://localhost:3002/_next/static/chunks/node_modules_next_dist_1e8vcs8._.js:1052
[  107315ms] [LOG] [Fast Refresh] done in 8ms @ http://localhost:3002/_next/static/chunks/node_modules_next_dist_1e8vcs8._.js:776
[  107372ms] [LOG] [Fast Refresh] done in 8ms @ http://localhost:3002/_next/static/chunks/node_modules_next_dist_1e8vcs8._.js:776
[  107380ms] [ERROR] Encountered two children with the same key, `%s`. Keys should be unique so that components maintain their identity across updates. Non-unique keys may cause children to be duplicated and/or omitted — the behavior is unsupported and could change in a future version.  @ http://localhost:3002/_next/static/chunks/node_modules_next_dist_1e8vcs8._.js:1052
[  107381ms] [ERROR] Encountered two children with the same key, `%s`. Keys should be unique so that components maintain their identity across updates. Non-unique keys may cause children to be duplicated and/or omitted — the behavior is unsupported and could change in a future version.  @ http://localhost:3002/_next/static/chunks/node_modules_next_dist_1e8vcs8._.js:1052
[  107381ms] [ERROR] Encountered two children with the same key, `%s`. Keys should be unique so that components maintain their identity across updates. Non-unique keys may cause children to be duplicated and/or omitted — the behavior is unsupported and could change in a future version.  @ http://localhost:3002/_next/static/chunks/node_modules_next_dist_1e8vcs8._.js:1052
[  107381ms] [ERROR] Encountered two children with the same key, `%s`. Keys should be unique so that components maintain their identity across updates. Non-unique keys may cause children to be duplicated and/or omitted — the behavior is unsupported and could change in a future version.  @ http://localhost:3002/_next/static/chunks/node_modules_next_dist_1e8vcs8._.js:1052
[  107381ms] [ERROR] Encountered two children with the same key, `%s`. Keys should be unique so that components maintain their identity across updates. Non-unique keys may cause children to be duplicated and/or omitted — the behavior is unsupported and could change in a future version.  @ http://localhost:3002/_next/static/chunks/node_modules_next_dist_1e8vcs8._.js:1052
[  107381ms] [ERROR] Encountered two children with the same key, `%s`. Keys should be unique so that components maintain their identity across updates. Non-unique keys may cause children to be duplicated and/or omitted — the behavior is unsupported and could change in a future version.  @ http://localhost:3002/_next/static/chunks/node_modules_next_dist_1e8vcs8._.js:1052
[  107381ms] [ERROR] Encountered two children with the same key, `%s`. Keys should be unique so that components maintain their identity across updates. Non-unique keys may cause children to be duplicated and/or omitted — the behavior is unsupported and could change in a future version.  @ http://localhost:3002/_next/static/chunks/node_modules_next_dist_1e8vcs8._.js:1052
[  107381ms] [ERROR] Encountered two children with the same key, `%s`. Keys should be unique so that components maintain their identity across updates. Non-unique keys may cause children to be duplicated and/or omitted — the behavior is unsupported and could change in a future version.  @ http://localhost:3002/_next/static/chunks/node_modules_next_dist_1e8vcs8._.js:1052
[  107381ms] [ERROR] Encountered two children with the same key, `%s`. Keys should be unique so that components maintain their identity across updates. Non-unique keys may cause children to be duplicated and/or omitted — the behavior is unsupported and could change in a future version.  @ http://localhost:3002/_next/static/chunks/node_modules_next_dist_1e8vcs8._.js:1052
[  107381ms] [ERROR] Encountered two children with the same key, `%s`. Keys should be unique so that components maintain their identity across updates. Non-unique keys may cause children to be duplicated and/or omitted — the behavior is unsupported and could change in a future version.  @ http://localhost:3002/_next/static/chunks/node_modules_next_dist_1e8vcs8._.js:1052
[  107381ms] [ERROR] Encountered two children with the same key, `%s`. Keys should be unique so that components maintain their identity across updates. Non-unique keys may cause children to be duplicated and/or omitted — the behavior is unsupported and could change in a future version.  @ http://localhost:3002/_next/static/chunks/node_modules_next_dist_1e8vcs8._.js:1052
[  107382ms] [ERROR] Encountered two children with the same key, `%s`. Keys should be unique so that components maintain their identity across updates. Non-unique keys may cause children to be duplicated and/or omitted — the behavior is unsupported and could change in a future version.  @ http://localhost:3002/_next/static/chunks/node_modules_next_dist_1e8vcs8._.js:1052
[  107382ms] [ERROR] Encountered two children with the same key, `%s`. Keys should be unique so that components maintain their identity across updates. Non-unique keys may cause children to be duplicated and/or omitted — the behavior is unsupported and could change in a future version.  @ http://localhost:3002/_next/static/chunks/node_modules_next_dist_1e8vcs8._.js:1052
[  107443ms] [LOG] [Fast Refresh] done in 8ms @ http://localhost:3002/_next/static/chunks/node_modules_next_dist_1e8vcs8._.js:776
[  108951ms] [LOG] [Fast Refresh] done in 8ms @ http://localhost:3002/_next/static/chunks/node_modules_next_dist_1e8vcs8._.js:776
[  111459ms] [LOG] [Fast Refresh] done in 8ms @ http://localhost:3002/_next/static/chunks/node_modules_next_dist_1e8vcs8._.js:776
[  113959ms] [LOG] [Fast Refresh] done in 8ms @ http://localhost:3002/_next/static/chunks/node_modules_next_dist_1e8vcs8._.js:776
[  115659ms] [LOG] [Fast Refresh] rebuilding @ http://localhost:3002/_next/static/chunks/node_modules_next_dist_1e8vcs8._.js:776
[  115705ms] [LOG] [Fast Refresh] done in 9ms @ http://localhost:3002/_next/static/chunks/node_modules_next_dist_1e8vcs8._.js:776
[  116553ms] [LOG] [Fast Refresh] done in 9ms @ http://localhost:3002/_next/static/chunks/node_modules_next_dist_1e8vcs8._.js:776
[  119032ms] [LOG] [Fast Refresh] done in 9ms @ http://localhost:3002/_next/static/chunks/node_modules_next_dist_1e8vcs8._.js:776
[  121534ms] [LOG] [Fast Refresh] done in 9ms @ http://localhost:3002/_next/static/chunks/node_modules_next_dist_1e8vcs8._.js:776
[  124049ms] [LOG] [Fast Refresh] done in 9ms @ http://localhost:3002/_next/static/chunks/node_modules_next_dist_1e8vcs8._.js:776
[  126569ms] [LOG] [Fast Refresh] done in 9ms @ http://localhost:3002/_next/static/chunks/node_modules_next_dist_1e8vcs8._.js:776
[  129086ms] [LOG] [Fast Refresh] done in 9ms @ http://localhost:3002/_next/static/chunks/node_modules_next_dist_1e8vcs8._.js:776
[  131588ms] [LOG] [Fast Refresh] done in 9ms @ http://localhost:3002/_next/static/chunks/node_modules_next_dist_1e8vcs8._.js:776
[  134091ms] [LOG] [Fast Refresh] done in 9ms @ http://localhost:3002/_next/static/chunks/node_modules_next_dist_1e8vcs8._.js:776
[  136590ms] [LOG] [Fast Refresh] done in 9ms @ http://localhost:3002/_next/static/chunks/node_modules_next_dist_1e8vcs8._.js:776
[  138829ms] [LOG] [Fast Refresh] rebuilding @ http://localhost:3002/_next/static/chunks/node_modules_next_dist_1e8vcs8._.js:776
[  138886ms] [LOG] [Fast Refresh] done in 9ms @ http://localhost:3002/_next/static/chunks/node_modules_next_dist_1e8vcs8._.js:776
[  139098ms] [LOG] [Fast Refresh] done in 9ms @ http://localhost:3002/_next/static/chunks/node_modules_next_dist_1e8vcs8._.js:776
[  141593ms] [LOG] [Fast Refresh] done in 9ms @ http://localhost:3002/_next/static/chunks/node_modules_next_dist_1e8vcs8._.js:776
[  144097ms] [LOG] [Fast Refresh] done in 9ms @ http://localhost:3002/_next/static/chunks/node_modules_next_dist_1e8vcs8._.js:776
[  145269ms] [LOG] [Fast Refresh] rebuilding @ http://localhost:3002/_next/static/chunks/node_modules_next_dist_1e8vcs8._.js:776
[  145309ms] [LOG] [Fast Refresh] done in 4ms @ http://localhost:3002/_next/static/chunks/node_modules_next_dist_1e8vcs8._.js:776
[  146592ms] [LOG] [Fast Refresh] done in 4ms @ http://localhost:3002/_next/static/chunks/node_modules_next_dist_1e8vcs8._.js:776
[  149109ms] [LOG] [Fast Refresh] done in 4ms @ http://localhost:3002/_next/static/chunks/node_modules_next_dist_1e8vcs8._.js:776
[  151607ms] [LOG] [Fast Refresh] done in 4ms @ http://localhost:3002/_next/static/chunks/node_modules_next_dist_1e8vcs8._.js:776
[  154113ms] [LOG] [Fast Refresh] done in 4ms @ http://localhost:3002/_next/static/chunks/node_modules_next_dist_1e8vcs8._.js:776
[  156614ms] [LOG] [Fast Refresh] done in 4ms @ http://localhost:3002/_next/static/chunks/node_modules_next_dist_1e8vcs8._.js:776
